[doctest] doctest version is "2.5.2"
[doctest] run with "--help" for options
{"chunked":false,"dtype":"f16","median_ms":16.997653,"samples_ms":[16.973253,16.988073,16.997653,17.017622,17.055833],"tokens":128,"workspace_bytes":0}
{"chunked":true,"dtype":"f16","median_ms":0.3651,"samples_ms":[0.363411,0.36367,0.3651,0.36511,0.38539],"tokens":128,"workspace_bytes":33554432}
GDN_ERROR bf16=1 rms=1.78722e-05 max_abs=7.62939e-06
GDN_ERROR bf16=0 rms=7.84433e-07 max_abs=1.3411e-07
{"chunked":false,"dtype":"f16","median_ms":67.174681,"samples_ms":[67.126371,67.142661,67.174681,67.302771,67.30301],"tokens":512,"workspace_bytes":33554432}
{"chunked":true,"dtype":"f16","median_ms":1.471451,"samples_ms":[1.453041,1.455061,1.471451,1.478371,1.482011],"tokens":512,"workspace_bytes":33554432}
GDN_ERROR bf16=1 rms=1.76906e-05 max_abs=7.62939e-06
GDN_ERROR bf16=0 rms=7.88485e-07 max_abs=1.3411e-07
{"chunked":false,"dtype":"f16","median_ms":268.183913,"samples_ms":[268.061753,268.149371,268.183913,268.217672,268.372207],"tokens":2048,"workspace_bytes":33554432}
{"chunked":true,"dtype":"f16","median_ms":5.911378,"samples_ms":[5.894689,5.910948,5.911378,5.918958,5.940518],"tokens":2048,"workspace_bytes":33554432}
GDN_ERROR bf16=1 rms=1.7952e-05 max_abs=7.62939e-06
GDN_ERROR bf16=0 rms=7.83489e-07 max_abs=1.2666e-07
{"chunked":false,"dtype":"f16","median_ms":536.958199,"samples_ms":[536.021413,536.724827,536.958199,537.053559,537.066604],"tokens":4096,"workspace_bytes":33554432}
{"chunked":true,"dtype":"f16","median_ms":12.018625,"samples_ms":[11.989956,12.006786,12.018625,12.028046,12.043226],"tokens":4096,"workspace_bytes":33554432}
GDN_ERROR bf16=1 rms=1.80205e-05 max_abs=7.62939e-06
GDN_ERROR bf16=0 rms=7.85673e-07 max_abs=1.41561e-07
===============================================================================
[doctest] test cases:   1 |   1 passed | 0 failed | 10 skipped
[doctest] assertions: 792 | 792 passed | 0 failed |
[doctest] Status: SUCCESS!
